C:\Users\student\Desktop\ra46-2014\lab3\implementation\system.ngc 1521454491
C:/Users/student/Desktop/ra46-2014/lab3/implementation/system_dip_switches_wrapper.ngc 1521454467
C:/Users/student/Desktop/ra46-2014/lab3/implementation/system_rs232_wrapper.ngc 1521454454
C:/Users/student/Desktop/ra46-2014/lab3/implementation/system_proc_sys_reset_0_wrapper.ngc 1521454383
C:/Users/student/Desktop/ra46-2014/lab3/implementation/system_clock_generator_0_wrapper.ngc 1521454478
C:/Users/student/Desktop/ra46-2014/lab3/implementation/system_microblaze_0_ilmb_wrapper.ngc 1521454470
C:/Users/student/Desktop/ra46-2014/lab3/implementation/system_microblaze_0_dlmb_wrapper.ngc 1521454472
C:/Users/student/Desktop/ra46-2014/lab3/implementation/system_axi4lite_0_wrapper.ngc 1521454480
C:/Users/student/Desktop/ra46-2014/lab3/implementation/system_microblaze_0_wrapper.ngc 1521454475
C:/Users/student/Desktop/ra46-2014/lab3/implementation/system_microblaze_0_i_bram_ctrl_wrapper.ngc 1521454392
C:/Users/student/Desktop/ra46-2014/lab3/implementation/system_microblaze_0_d_bram_ctrl_wrapper.ngc 1521454401
C:/Users/student/Desktop/ra46-2014/lab3/implementation/system_debug_module_wrapper.ngc 1521454436
C:/Users/student/Desktop/ra46-2014/lab3/implementation/system_leds_wrapper.ngc 1521454460
C:/Users/student/Desktop/ra46-2014/lab3/implementation/system_microblaze_0_bram_block_wrapper.ngc 1521454406
OK
